main.c:102:5:GetNextState	16	static
main.c:118:5:GetStateCounter	16	static
main.c:134:6:ResetLED	24	static
main.c:147:6:DisplayLED	24	static
main.c:175:10:GetLEDSetPin	16	static
main.c:189:6:DisplayLEDError	8	static
main.c:200:6:Display7SEG	24	static
main.c:225:6:Reset7SEG	24	static
main.c:241:10:Get7SEGSetPin	16	static
main.c:255:6:Display7SEGError	8	static
main.c:274:9:GetNumberCode	16	static
main.c:317:5:main	24	static
main.c:386:6:SystemClock_Config	72	static
main.c:422:13:MX_GPIO_Init	32	static
main.c:472:6:Error_Handler	4	static,ignoring_inline_asm
